// Jest Snapshot v1, https://goo.gl/fbAQLP

exports[`Skeleton renders unchanged 1`] = `
<main
  class="flex flex-col mt-4 mb-4"
>
  <h1
    class="className text-center text-gray-600 text-sm md:text-base"
  >
    Carregando...
  </h1>
  <section
    class="flex-1 grid max-md:grid-cols-1 md:grid-cols-2 lg:grid-cols-3 gap-8 mt-4 mx-auto"
  >
    <article
      class="group rounded-3xl justify-self-center w-[288px] h-[350px] text-gray-950 shadow-sm hover:shadow-2xl flex flex-col justify-center items-center relative"
    >
      <div
        class="before:absolute before:inset-0 before:-translate-x-full before:animate-[shimmer_2s_infinite] before:bg-gradient-to-r before:from-transparent before:via-white/60 before:to-transparent overflow-hidden relative h-[200px] w-[200px] bg-gray-100 rounded-3xl drop-shadow-sm"
      >
        <img
          alt="produto sendo carregado..."
          class="object-contain opacity-20"
          data-nimg="fill"
          decoding="async"
          loading="lazy"
          sizes="(max-width: 768px) 100vw, (max-width: 1200px) 50vw, 33vw"
          src="/_next/image?url=%2Fimage-placeholder.png&w=3840&q=75"
          srcset="/_next/image?url=%2Fimage-placeholder.png&w=256&q=75 256w, /_next/image?url=%2Fimage-placeholder.png&w=384&q=75 384w, /_next/image?url=%2Fimage-placeholder.png&w=640&q=75 640w, /_next/image?url=%2Fimage-placeholder.png&w=750&q=75 750w, /_next/image?url=%2Fimage-placeholder.png&w=828&q=75 828w, /_next/image?url=%2Fimage-placeholder.png&w=1080&q=75 1080w, /_next/image?url=%2Fimage-placeholder.png&w=1200&q=75 1200w, /_next/image?url=%2Fimage-placeholder.png&w=1920&q=75 1920w, /_next/image?url=%2Fimage-placeholder.png&w=2048&q=75 2048w, /_next/image?url=%2Fimage-placeholder.png&w=3840&q=75 3840w"
          style="position: absolute; height: 100%; width: 100%; left: 0px; top: 0px; right: 0px; bottom: 0px; color: transparent;"
        />
      </div>
      <div
        class="before:absolute before:inset-0 before:-translate-x-full before:animate-[shimmer_2s_infinite] before:bg-gradient-to-r before:from-transparent before:via-white/60 before:to-transparent overflow-hidden relative w-60 bg-gray-100 h-6 mt-4 text-center text-xl py-2 rounded-3xl"
      />
    </article>
    <article
      class="group rounded-3xl justify-self-center w-[288px] h-[350px] text-gray-950 shadow-sm hover:shadow-2xl flex flex-col justify-center items-center relative"
    >
      <div
        class="before:absolute before:inset-0 before:-translate-x-full before:animate-[shimmer_2s_infinite] before:bg-gradient-to-r before:from-transparent before:via-white/60 before:to-transparent overflow-hidden relative h-[200px] w-[200px] bg-gray-100 rounded-3xl drop-shadow-sm"
      >
        <img
          alt="produto sendo carregado..."
          class="object-contain opacity-20"
          data-nimg="fill"
          decoding="async"
          loading="lazy"
          sizes="(max-width: 768px) 100vw, (max-width: 1200px) 50vw, 33vw"
          src="/_next/image?url=%2Fimage-placeholder.png&w=3840&q=75"
          srcset="/_next/image?url=%2Fimage-placeholder.png&w=256&q=75 256w, /_next/image?url=%2Fimage-placeholder.png&w=384&q=75 384w, /_next/image?url=%2Fimage-placeholder.png&w=640&q=75 640w, /_next/image?url=%2Fimage-placeholder.png&w=750&q=75 750w, /_next/image?url=%2Fimage-placeholder.png&w=828&q=75 828w, /_next/image?url=%2Fimage-placeholder.png&w=1080&q=75 1080w, /_next/image?url=%2Fimage-placeholder.png&w=1200&q=75 1200w, /_next/image?url=%2Fimage-placeholder.png&w=1920&q=75 1920w, /_next/image?url=%2Fimage-placeholder.png&w=2048&q=75 2048w, /_next/image?url=%2Fimage-placeholder.png&w=3840&q=75 3840w"
          style="position: absolute; height: 100%; width: 100%; left: 0px; top: 0px; right: 0px; bottom: 0px; color: transparent;"
        />
      </div>
      <div
        class="before:absolute before:inset-0 before:-translate-x-full before:animate-[shimmer_2s_infinite] before:bg-gradient-to-r before:from-transparent before:via-white/60 before:to-transparent overflow-hidden relative w-60 bg-gray-100 h-6 mt-4 text-center text-xl py-2 rounded-3xl"
      />
    </article>
    <article
      class="group rounded-3xl justify-self-center w-[288px] h-[350px] text-gray-950 shadow-sm hover:shadow-2xl flex flex-col justify-center items-center relative"
    >
      <div
        class="before:absolute before:inset-0 before:-translate-x-full before:animate-[shimmer_2s_infinite] before:bg-gradient-to-r before:from-transparent before:via-white/60 before:to-transparent overflow-hidden relative h-[200px] w-[200px] bg-gray-100 rounded-3xl drop-shadow-sm"
      >
        <img
          alt="produto sendo carregado..."
          class="object-contain opacity-20"
          data-nimg="fill"
          decoding="async"
          loading="lazy"
          sizes="(max-width: 768px) 100vw, (max-width: 1200px) 50vw, 33vw"
          src="/_next/image?url=%2Fimage-placeholder.png&w=3840&q=75"
          srcset="/_next/image?url=%2Fimage-placeholder.png&w=256&q=75 256w, /_next/image?url=%2Fimage-placeholder.png&w=384&q=75 384w, /_next/image?url=%2Fimage-placeholder.png&w=640&q=75 640w, /_next/image?url=%2Fimage-placeholder.png&w=750&q=75 750w, /_next/image?url=%2Fimage-placeholder.png&w=828&q=75 828w, /_next/image?url=%2Fimage-placeholder.png&w=1080&q=75 1080w, /_next/image?url=%2Fimage-placeholder.png&w=1200&q=75 1200w, /_next/image?url=%2Fimage-placeholder.png&w=1920&q=75 1920w, /_next/image?url=%2Fimage-placeholder.png&w=2048&q=75 2048w, /_next/image?url=%2Fimage-placeholder.png&w=3840&q=75 3840w"
          style="position: absolute; height: 100%; width: 100%; left: 0px; top: 0px; right: 0px; bottom: 0px; color: transparent;"
        />
      </div>
      <div
        class="before:absolute before:inset-0 before:-translate-x-full before:animate-[shimmer_2s_infinite] before:bg-gradient-to-r before:from-transparent before:via-white/60 before:to-transparent overflow-hidden relative w-60 bg-gray-100 h-6 mt-4 text-center text-xl py-2 rounded-3xl"
      />
    </article>
    <article
      class="group rounded-3xl justify-self-center w-[288px] h-[350px] text-gray-950 shadow-sm hover:shadow-2xl flex flex-col justify-center items-center relative"
    >
      <div
        class="before:absolute before:inset-0 before:-translate-x-full before:animate-[shimmer_2s_infinite] before:bg-gradient-to-r before:from-transparent before:via-white/60 before:to-transparent overflow-hidden relative h-[200px] w-[200px] bg-gray-100 rounded-3xl drop-shadow-sm"
      >
        <img
          alt="produto sendo carregado..."
          class="object-contain opacity-20"
          data-nimg="fill"
          decoding="async"
          loading="lazy"
          sizes="(max-width: 768px) 100vw, (max-width: 1200px) 50vw, 33vw"
          src="/_next/image?url=%2Fimage-placeholder.png&w=3840&q=75"
          srcset="/_next/image?url=%2Fimage-placeholder.png&w=256&q=75 256w, /_next/image?url=%2Fimage-placeholder.png&w=384&q=75 384w, /_next/image?url=%2Fimage-placeholder.png&w=640&q=75 640w, /_next/image?url=%2Fimage-placeholder.png&w=750&q=75 750w, /_next/image?url=%2Fimage-placeholder.png&w=828&q=75 828w, /_next/image?url=%2Fimage-placeholder.png&w=1080&q=75 1080w, /_next/image?url=%2Fimage-placeholder.png&w=1200&q=75 1200w, /_next/image?url=%2Fimage-placeholder.png&w=1920&q=75 1920w, /_next/image?url=%2Fimage-placeholder.png&w=2048&q=75 2048w, /_next/image?url=%2Fimage-placeholder.png&w=3840&q=75 3840w"
          style="position: absolute; height: 100%; width: 100%; left: 0px; top: 0px; right: 0px; bottom: 0px; color: transparent;"
        />
      </div>
      <div
        class="before:absolute before:inset-0 before:-translate-x-full before:animate-[shimmer_2s_infinite] before:bg-gradient-to-r before:from-transparent before:via-white/60 before:to-transparent overflow-hidden relative w-60 bg-gray-100 h-6 mt-4 text-center text-xl py-2 rounded-3xl"
      />
    </article>
    <article
      class="group rounded-3xl justify-self-center w-[288px] h-[350px] text-gray-950 shadow-sm hover:shadow-2xl flex flex-col justify-center items-center relative"
    >
      <div
        class="before:absolute before:inset-0 before:-translate-x-full before:animate-[shimmer_2s_infinite] before:bg-gradient-to-r before:from-transparent before:via-white/60 before:to-transparent overflow-hidden relative h-[200px] w-[200px] bg-gray-100 rounded-3xl drop-shadow-sm"
      >
        <img
          alt="produto sendo carregado..."
          class="object-contain opacity-20"
          data-nimg="fill"
          decoding="async"
          loading="lazy"
          sizes="(max-width: 768px) 100vw, (max-width: 1200px) 50vw, 33vw"
          src="/_next/image?url=%2Fimage-placeholder.png&w=3840&q=75"
          srcset="/_next/image?url=%2Fimage-placeholder.png&w=256&q=75 256w, /_next/image?url=%2Fimage-placeholder.png&w=384&q=75 384w, /_next/image?url=%2Fimage-placeholder.png&w=640&q=75 640w, /_next/image?url=%2Fimage-placeholder.png&w=750&q=75 750w, /_next/image?url=%2Fimage-placeholder.png&w=828&q=75 828w, /_next/image?url=%2Fimage-placeholder.png&w=1080&q=75 1080w, /_next/image?url=%2Fimage-placeholder.png&w=1200&q=75 1200w, /_next/image?url=%2Fimage-placeholder.png&w=1920&q=75 1920w, /_next/image?url=%2Fimage-placeholder.png&w=2048&q=75 2048w, /_next/image?url=%2Fimage-placeholder.png&w=3840&q=75 3840w"
          style="position: absolute; height: 100%; width: 100%; left: 0px; top: 0px; right: 0px; bottom: 0px; color: transparent;"
        />
      </div>
      <div
        class="before:absolute before:inset-0 before:-translate-x-full before:animate-[shimmer_2s_infinite] before:bg-gradient-to-r before:from-transparent before:via-white/60 before:to-transparent overflow-hidden relative w-60 bg-gray-100 h-6 mt-4 text-center text-xl py-2 rounded-3xl"
      />
    </article>
    <article
      class="group rounded-3xl justify-self-center w-[288px] h-[350px] text-gray-950 shadow-sm hover:shadow-2xl flex flex-col justify-center items-center relative"
    >
      <div
        class="before:absolute before:inset-0 before:-translate-x-full before:animate-[shimmer_2s_infinite] before:bg-gradient-to-r before:from-transparent before:via-white/60 before:to-transparent overflow-hidden relative h-[200px] w-[200px] bg-gray-100 rounded-3xl drop-shadow-sm"
      >
        <img
          alt="produto sendo carregado..."
          class="object-contain opacity-20"
          data-nimg="fill"
          decoding="async"
          loading="lazy"
          sizes="(max-width: 768px) 100vw, (max-width: 1200px) 50vw, 33vw"
          src="/_next/image?url=%2Fimage-placeholder.png&w=3840&q=75"
          srcset="/_next/image?url=%2Fimage-placeholder.png&w=256&q=75 256w, /_next/image?url=%2Fimage-placeholder.png&w=384&q=75 384w, /_next/image?url=%2Fimage-placeholder.png&w=640&q=75 640w, /_next/image?url=%2Fimage-placeholder.png&w=750&q=75 750w, /_next/image?url=%2Fimage-placeholder.png&w=828&q=75 828w, /_next/image?url=%2Fimage-placeholder.png&w=1080&q=75 1080w, /_next/image?url=%2Fimage-placeholder.png&w=1200&q=75 1200w, /_next/image?url=%2Fimage-placeholder.png&w=1920&q=75 1920w, /_next/image?url=%2Fimage-placeholder.png&w=2048&q=75 2048w, /_next/image?url=%2Fimage-placeholder.png&w=3840&q=75 3840w"
          style="position: absolute; height: 100%; width: 100%; left: 0px; top: 0px; right: 0px; bottom: 0px; color: transparent;"
        />
      </div>
      <div
        class="before:absolute before:inset-0 before:-translate-x-full before:animate-[shimmer_2s_infinite] before:bg-gradient-to-r before:from-transparent before:via-white/60 before:to-transparent overflow-hidden relative w-60 bg-gray-100 h-6 mt-4 text-center text-xl py-2 rounded-3xl"
      />
    </article>
  </section>
</main>
`;
